// Jest Snapshot v1, https://goo.gl/fbAQLP

exports[`Landing should render the landing page 1`] = `
<div>
  <h2>
    Choose a Chat Room
  </h2>
  <ul
    class="chat-room-list"
  >
    <li>
      <a
        href="/room/general"
      >
         ðŸ“£ General Chat
      </a>
    </li>
  </ul>
</div>
`;
